Loaded 25 log entries (3 after filters) (showing 2)
2026-02-08T16:00:10Z DEBUG Initializing database connection pool
2026-02-08T16:00:15Z INFO Database connection established
